\BOOKMARK [1][-]{section.1}{Introduction}{}% 1
\BOOKMARK [2][-]{subsection.1.1}{Project\040Type}{section.1}% 2
\BOOKMARK [2][-]{subsection.1.2}{Purpose}{section.1}% 3
\BOOKMARK [2][-]{subsection.1.3}{Target\040Users}{section.1}% 4
\BOOKMARK [1][-]{section.2}{Functional\040Requirements}{}% 5
\BOOKMARK [2][-]{subsection.2.1}{Home\040and\040Landing\040Page}{section.2}% 6
\BOOKMARK [2][-]{subsection.2.2}{User\040Authentication\040and\040Registration}{section.2}% 7
\BOOKMARK [2][-]{subsection.2.3}{Renter\040Profile\040and\040Vehicle\040Management}{section.2}% 8
\BOOKMARK [2][-]{subsection.2.4}{Search\040and\040Filter\040System}{section.2}% 9
\BOOKMARK [2][-]{subsection.2.5}{Map\040and\040Navigation}{section.2}% 10
\BOOKMARK [2][-]{subsection.2.6}{Listing\040Booking\040History}{section.2}% 11
\BOOKMARK [2][-]{subsection.2.7}{Bookmarks\040and\040Favourite}{section.2}% 12
\BOOKMARK [2][-]{subsection.2.8}{Building\040Management}{section.2}% 13
\BOOKMARK [2][-]{subsection.2.9}{Slot\040Management}{section.2}% 14
\BOOKMARK [2][-]{subsection.2.10}{Bookings\040Feature}{section.2}% 15
\BOOKMARK [2][-]{subsection.2.11}{Dynamic\040Pricing}{section.2}% 16
\BOOKMARK [2][-]{subsection.2.12}{Payment}{section.2}% 17
\BOOKMARK [2][-]{subsection.2.13}{Invoice\040Generation}{section.2}% 18
\BOOKMARK [2][-]{subsection.2.14}{Subscription}{section.2}% 19
\BOOKMARK [2][-]{subsection.2.15}{Check\040In/Out}{section.2}% 20
\BOOKMARK [2][-]{subsection.2.16}{Overstay\040Detection\040and\040Penalty\040System}{section.2}% 21
\BOOKMARK [2][-]{subsection.2.17}{Reviews\040and\040Ratings}{section.2}% 22
\BOOKMARK [2][-]{subsection.2.18}{Booking\040History}{section.2}% 23
\BOOKMARK [2][-]{subsection.2.19}{Notification\040and\040Alert\040System}{section.2}% 24
\BOOKMARK [2][-]{subsection.2.20}{Owner\040Dashboard}{section.2}% 25
\BOOKMARK [2][-]{subsection.2.21}{Reports\040and\040Export\040System}{section.2}% 26
\BOOKMARK [2][-]{subsection.2.22}{Admin\040Control\040Panel}{section.2}% 27
\BOOKMARK [1][-]{section.3}{Non-Functional\040Requirements}{}% 28
\BOOKMARK [2][-]{subsection.3.1}{Performance}{section.3}% 29
\BOOKMARK [2][-]{subsection.3.2}{Security}{section.3}% 30
\BOOKMARK [2][-]{subsection.3.3}{Usability}{section.3}% 31
\BOOKMARK [2][-]{subsection.3.4}{Reliability\040and\040Availability}{section.3}% 32
\BOOKMARK [2][-]{subsection.3.5}{Maintainability\040and\040Scalability}{section.3}% 33
\BOOKMARK [1][-]{section.4}{Class\040Diagram}{}% 34
\BOOKMARK [1][-]{section.5}{Tools\040and\040Technologies}{}% 35
\BOOKMARK [2][-]{subsection.5.1}{Frontend\040Technologies}{section.5}% 36
\BOOKMARK [2][-]{subsection.5.2}{Backend\040Technologies}{section.5}% 37
\BOOKMARK [1][-]{section.6}{Compatibility\040with\040System\040Environment\040or\040OS}{}% 38
\BOOKMARK [1][-]{section.7}{Implementation:\040Feature\040Screenshots}{}% 39
\BOOKMARK [2][-]{subsection.7.1}{Home\040and\040Landing\040Page}{section.7}% 40
\BOOKMARK [2][-]{subsection.7.2}{User\040Authentication\040and\040Registration}{section.7}% 41
\BOOKMARK [2][-]{subsection.7.3}{Renter\040Profile\040and\040Vehicle\040Management}{section.7}% 42
\BOOKMARK [2][-]{subsection.7.4}{Search\040and\040Filter\040System}{section.7}% 43
\BOOKMARK [2][-]{subsection.7.5}{Map\040and\040Navigation}{section.7}% 44
\BOOKMARK [2][-]{subsection.7.6}{Listing\040Booking\040History}{section.7}% 45
\BOOKMARK [2][-]{subsection.7.7}{Bookmarks\040and\040Favourite}{section.7}% 46
\BOOKMARK [2][-]{subsection.7.8}{Slot\040Management}{section.7}% 47
\BOOKMARK [2][-]{subsection.7.9}{Bookings\040Feature}{section.7}% 48
\BOOKMARK [2][-]{subsection.7.10}{Dynamic\040Pricing}{section.7}% 49
\BOOKMARK [2][-]{subsection.7.11}{Payment}{section.7}% 50
\BOOKMARK [2][-]{subsection.7.12}{Invoice\040Generation}{section.7}% 51
\BOOKMARK [2][-]{subsection.7.13}{Subscription}{section.7}% 52
\BOOKMARK [2][-]{subsection.7.14}{Check\040In/Out}{section.7}% 53
\BOOKMARK [2][-]{subsection.7.15}{Overstay\040Detection\040and\040Penalty\040System}{section.7}% 54
\BOOKMARK [2][-]{subsection.7.16}{Reviews\040and\040Ratings}{section.7}% 55
\BOOKMARK [2][-]{subsection.7.17}{Booking\040History}{section.7}% 56
\BOOKMARK [2][-]{subsection.7.18}{Notification\040and\040Alert\040System}{section.7}% 57
\BOOKMARK [2][-]{subsection.7.19}{Owner\040Dashboard}{section.7}% 58
\BOOKMARK [2][-]{subsection.7.20}{Reports\040and\040Export\040System}{section.7}% 59
\BOOKMARK [2][-]{subsection.7.21}{Admin\040Control\040Panel}{section.7}% 60
\BOOKMARK [1][-]{section.8}{Challenges}{}% 61
\BOOKMARK [1][-]{section.9}{Conclusion}{}% 62
\BOOKMARK [1][-]{section.10}{References}{}% 63
